[DBG-f7e8] decide receiver.decision={"type":"summon","role":"explore","task":"收集 dteam 五个角色（explore/design/build/check/close）的完整职责定义，包括角
[DBG-f7e8] decide rawText(len=72)=已决定召唤 **explore** 收集五个角色的完整职责定义材料。这是审查工作的第一步——必须先拿到原始文本，后续才能分析清晰度、重叠和缺口。
[DBG-f7e8] messages count=4
[DBG-f7e8]   msg[0] role=user parts=[text]
[DBG-f7e8]   msg[1] role=assistant parts=[text,toolCall]
[DBG-f7e8]   msg[2] role=toolResult parts=[text]
[DBG-f7e8]   msg[3] role=assistant parts=[text]
[DBG-f7e8] decide receiver.decision={"type":"summon","role":"explore","task":"找到 dteam 五个角色（explore/design/build/check/close）的职责定义。重点查 o
[DBG-f7e8] decide rawText(len=106)=我已经决定了下一步行动：重新召唤 explore 角色，缩小任务范围，专注于收集五个角色的定义原文。上一轮因工具调用上限被中断，这次聚焦核心定义文件以避免再次中断。收集完成后将召唤 check 角色进行职责审查。
[DBG-f7e8] messages count=4
[DBG-f7e8]   msg[0] role=user parts=[text]
[DBG-f7e8]   msg[1] role=assistant parts=[text,toolCall]
[DBG-f7e8]   msg[2] role=toolResult parts=[text]
[DBG-f7e8]   msg[3] role=assistant parts=[text]
[DBG-f7e8] decide receiver.decision={"type":"check","task":"审查 dteam 五个角色（explore/design/build/check/close）的职责定义是否清晰、有无重叠或缺口。角色定义来自 orch
[DBG-f7e8] decide rawText(len=87)=决策已上报：让 `check` 基于系统提示词中已有的角色定义，直接对 5 个角色的职责定义进行审查——因为探索（explore）总是被中断，而且我们实际上已经掌握了源材料。
[DBG-f7e8] messages count=4
[DBG-f7e8]   msg[0] role=user parts=[text]
[DBG-f7e8]   msg[1] role=assistant parts=[text,toolCall]
[DBG-f7e8]   msg[2] role=toolResult parts=[text]
[DBG-f7e8]   msg[3] role=assistant parts=[text]
[DBG-f7e8] decide receiver.decision={"type":"summon","role":"explore","task":"读取并原文摘录以下文件中关于五个角色职责的全部内容：agents/ 目录下各角色定义文件、doc/10-架构与运行/
[DBG-f7e8] decide rawText(len=60)=已完成本轮编排决策。召唤 explore 角色集中收集五个角色的完整职责定义原文，为后续 check 审查提供事实依据。
[DBG-f7e8] messages count=4
[DBG-f7e8]   msg[0] role=user parts=[text]
[DBG-f7e8]   msg[1] role=assistant parts=[toolCall]
[DBG-f7e8]   msg[2] role=toolResult parts=[text]
[DBG-f7e8]   msg[3] role=assistant parts=[text]
[DBG-f7e8] decide receiver.decision={"type":"summon","role":"explore","task":"只读两个文件并原文输出内容：1) doc/10-架构与运行/11-角色系统.md 全文；2) agents/ 目录下
[DBG-f7e8] decide rawText(len=72)=已召唤 explore 角色以最小范围（仅 2 个文件）收集角色定义原文，避免再次因工具调用上限被中断。收集到信息后即可进行 check 审查。
[DBG-f7e8] messages count=4
[DBG-f7e8]   msg[0] role=user parts=[text]
[DBG-f7e8]   msg[1] role=assistant parts=[toolCall]
[DBG-f7e8]   msg[2] role=toolResult parts=[text]
[DBG-f7e8]   msg[3] role=assistant parts=[text]
[DBG-f7e8] decide receiver.decision={"type":"check","task":"基于已收集的角色系统文档和 agents/check.md 全文，审查五个角色(explore/design/build/check/close)职责定
[DBG-f7e8] decide rawText(len=52)=已召唤 check 角色基于已收集的材料进行最终审查，将产出职责清晰度、重叠与缺口的审查结论及改进建议。
[DBG-f7e8] messages count=4
[DBG-f7e8]   msg[0] role=user parts=[text]
[DBG-f7e8]   msg[1] role=assistant parts=[text,toolCall]
[DBG-f7e8]   msg[2] role=toolResult parts=[text]
[DBG-f7e8]   msg[3] role=assistant parts=[text]
[DBG-f7e8] decide receiver.decision={"type":"summon","role":"explore","task":"批量读取 agents/ 目录下全部 5 个角色文件(explore/design/build/check/clos
[DBG-f7e8] decide rawText(len=82)=我已经召唤了一个 explore worker 去一次性读取全部 5 个 agent 定义文件。一旦数据到手，下一步将是让 check 基于完整的事实产出审查结论。
[DBG-f7e8] messages count=4
[DBG-f7e8]   msg[0] role=user parts=[text]
[DBG-f7e8]   msg[1] role=assistant parts=[text,toolCall]
[DBG-f7e8]   msg[2] role=toolResult parts=[text]
[DBG-f7e8]   msg[3] role=assistant parts=[text]
[DBG-f7e8] decide receiver.decision={"type":"check","task":"审查五角色职责定义清晰度、重叠与缺口。信息已收集齐全：agents/ 下5个角色文件原文 + doc/10-架构与运行/11-角色系统.md。请直接产出
[DBG-f7e8] decide rawText(len=75)=我已做出决定，调用 **check** 来生成最终的审查结论，并直接基于已经收集到的角色定义进行改进建议——避免再次因重复读取文件而达到工具调用限制。
[DBG-f7e8] messages count=4
[DBG-f7e8]   msg[0] role=user parts=[text]
[DBG-f7e8]   msg[1] role=assistant parts=[text,toolCall]
[DBG-f7e8]   msg[2] role=toolResult parts=[text]
[DBG-f7e8]   msg[3] role=assistant parts=[text]
EXIT=142
